
> website@0.1.0 prebuild
> tsx scripts/generate-og.tsx && tsx scripts/convert-viz-to-webp.ts

[og] Generating Open Graph images for 22 rounds + default
[og]   icons/ (192, 512, maskable, apple-touch)  123ms
[og]   default.png        39.9 KB  199ms
[og]   standings.png      39.7 KB  89ms
[og]   accuracy.png       38.5 KB  92ms
[og]   round_01.png       42.0 KB  292ms  Australian Grand Prix (+theatre)
[og]   round_02.png       42.5 KB  5322ms  Chinese Grand Prix (+theatre)
[og]   round_03.png       41.6 KB  282ms  Japanese Grand Prix (+theatre)
[og]   round_04.png       43.4 KB  5278ms  Miami Grand Prix (+theatre)
[og]   round_05.png       42.8 KB  241ms  Canadian Grand Prix (+theatre)
[og]   round_06.png       43.2 KB  5214ms  Monaco Grand Prix (+theatre)
[og]   round_07.png       45.7 KB  218ms  Barcelona-Catalunya Grand Prix (+theatre)
[og]   round_08.png       42.1 KB  5252ms  Austrian Grand Prix (+theatre)
[og]   round_09.png       40.6 KB  244ms  British Grand Prix (+theatre)
[og]   round_10.png       43.0 KB  5272ms  Belgian Grand Prix (+theatre)
[og]   round_11.png       41.7 KB  273ms  Hungarian Grand Prix (+theatre)
[og]   round_12.png       42.1 KB  5273ms  Dutch Grand Prix (+theatre)
[og]   round_13.png       40.4 KB  317ms  Italian Grand Prix (+theatre)
[og]   round_14.png       43.8 KB  262ms  Spanish Grand Prix (+theatre)
[og]   round_15.png       45.2 KB  5465ms  Azerbaijan Grand Prix (+theatre)
[og]   round_16.png       44.3 KB  515ms  Singapore Grand Prix (+theatre)
[og]   round_17.png       44.0 KB  346ms  United States Grand Prix (+theatre)
[og]   round_18.png       44.9 KB  5344ms  Mexico City Grand Prix (+theatre)
[og]   round_19.png       41.8 KB  298ms  São Paulo Grand Prix (+theatre)
[og]   round_20.png       43.4 KB  301ms  Las Vegas Grand Prix (+theatre)
[og]   round_21.png       40.2 KB  5291ms  Qatar Grand Prix (+theatre)
[og]   round_22.png       42.0 KB  286ms  Abu Dhabi Grand Prix (+theatre)
[og] Done.
[webp] Converting 216 PNGs from public/visualizations (quality 82)
[webp] round_01/head_to_head_edges.png          99KB → 32KB (33%) 202ms
[webp] round_01/laptime_distribution.png        97KB → 28KB (28%) 246ms
[webp] round_01/laptime_distribution_historical.png 90KB → 35KB (39%) 361ms
[webp] round_01/lstm_pace_prediction.png        72KB → 30KB (42%) 245ms
[webp] round_01/pit_strategy_comparison.png     214KB → 78KB (37%) 329ms
[webp] round_01/podium_probability_board.png    82KB → 32KB (39%) 304ms
[webp] round_01/predicted_laptimes.png          130KB → 48KB (37%) 276ms
[webp] round_01/track_map.png                   128KB → 37KB (29%) 153ms
[webp] round_01/tyre_degradation_curves.png     146KB → 59KB (40%) 186ms
[webp] round_01/tyre_strategy.png               72KB → 35KB (48%) 246ms
[webp] round_02/head_to_head_edges.png          99KB → 33KB (33%) 239ms
[webp] round_02/laptime_distribution.png        97KB → 27KB (28%) 233ms
[webp] round_02/laptime_distribution_historical.png 90KB → 35KB (38%) 241ms
[webp] round_02/lstm_pace_prediction.png        65KB → 29KB (44%) 144ms
[webp] round_02/podium_probability_board.png    84KB → 31KB (38%) 219ms
[webp] round_02/predicted_laptimes.png          130KB → 47KB (37%) 259ms
[webp] round_02/track_map.png                   163KB → 47KB (29%) 161ms
[webp] round_02/tyre_degradation_curves.png     144KB → 57KB (40%) 185ms
[webp] round_02/tyre_strategy.png               70KB → 34KB (48%) 254ms
[webp] round_03/head_to_head_edges.png          100KB → 33KB (33%) 189ms
[webp] round_03/laptime_distribution.png        99KB → 28KB (28%) 270ms
[webp] round_03/laptime_distribution_historical.png 93KB → 37KB (40%) 305ms
[webp] round_03/lstm_pace_prediction.png        75KB → 31KB (42%) 183ms
[webp] round_03/pit_strategy_comparison.png     208KB → 76KB (36%) 322ms
[webp] round_03/podium_probability_board.png    85KB → 32KB (38%) 247ms
[webp] round_03/predicted_laptimes.png          127KB → 47KB (37%) 325ms
[webp] round_03/track_map.png                   127KB → 37KB (29%) 161ms
[webp] round_03/tyre_degradation_curves.png     135KB → 59KB (43%) 264ms
[webp] round_03/tyre_strategy.png               71KB → 35KB (49%) 291ms
[webp] round_04/head_to_head_edges.png          99KB → 32KB (33%) 273ms
[webp] round_04/laptime_distribution.png        97KB → 27KB (28%) 318ms
[webp] round_04/laptime_distribution_historical.png 88KB → 34KB (38%) 333ms
[webp] round_04/lstm_pace_prediction.png        79KB → 31KB (40%) 158ms
[webp] round_04/pit_strategy_comparison.png     209KB → 76KB (37%) 510ms
[webp] round_04/podium_probability_board.png    84KB → 32KB (38%) 312ms
[webp] round_04/track_map.png                   122KB → 38KB (31%) 190ms
[webp] round_04/tyre_degradation_curves.png     142KB → 58KB (40%) 275ms
[webp] round_04/tyre_strategy.png               71KB → 34KB (48%) 348ms
[webp] round_05/head_to_head_edges.png          98KB → 32KB (33%) 255ms
[webp] round_05/laptime_distribution.png        95KB → 27KB (29%) 275ms
[webp] round_05/laptime_distribution_historical.png 92KB → 37KB (40%) 397ms
[webp] round_05/pit_strategy_comparison.png     217KB → 76KB (35%) 460ms
[webp] round_05/podium_probability_board.png    84KB → 32KB (38%) 367ms
[webp] round_05/predicted_laptimes.png          125KB → 48KB (38%) 389ms
[webp] round_05/track_map.png                   97KB → 28KB (29%) 125ms
[webp] round_05/tyre_degradation_curves.png     145KB → 59KB (41%) 324ms
[webp] round_05/tyre_strategy.png               73KB → 35KB (48%) 336ms
[webp] round_06/finish_probability_heatmap.png  80KB → 34KB (42%) 303ms
[webp] round_06/head_to_head_edges.png          98KB → 32KB (33%) 261ms
[webp] round_06/laptime_distribution.png        97KB → 27KB (28%) 320ms
[webp] round_06/laptime_distribution_historical.png 90KB → 37KB (41%) 358ms
[webp] round_06/pit_strategy_comparison.png     192KB → 71KB (37%) 330ms
[webp] round_06/podium_probability_board.png    85KB → 32KB (38%) 238ms
[webp] round_06/predicted_laptimes.png          126KB → 47KB (37%) 279ms
[webp] round_06/track_map.png                   119KB → 37KB (31%) 128ms
[webp] round_06/tyre_degradation_curves.png     146KB → 57KB (39%) 183ms
[webp] round_06/tyre_strategy.png               75KB → 36KB (48%) 246ms
[webp] round_07/head_to_head_edges.png          98KB → 32KB (32%) 186ms
[webp] round_07/laptime_distribution.png        99KB → 28KB (28%) 305ms
[webp] round_07/lstm_pace_prediction.png        96KB → 38KB (40%) 196ms
[webp] round_07/pit_strategy_comparison.png     219KB → 77KB (35%) 341ms
[webp] round_07/podium_probability_board.png    82KB → 32KB (38%) 250ms
[webp] round_07/predicted_laptimes.png          133KB → 50KB (38%) 289ms
[webp] round_07/track_map.png                   113KB → 37KB (33%) 135ms
[webp] round_07/tyre_degradation_curves.png     146KB → 60KB (41%) 186ms
[webp] round_08/head_to_head_edges.png          97KB → 32KB (32%) 187ms
[webp] round_08/laptime_distribution.png        96KB → 27KB (28%) 221ms
[webp] round_08/laptime_distribution_historical.png 97KB → 38KB (39%) 241ms
[webp] round_08/lstm_pace_prediction.png        76KB → 31KB (41%) 166ms
[webp] round_08/pit_strategy_comparison.png     216KB → 76KB (35%) 303ms
[webp] round_08/podium_probability_board.png    83KB → 32KB (39%) 231ms
[webp] round_08/predicted_laptimes.png          125KB → 47KB (38%) 323ms
[webp] round_08/track_map.png                   116KB → 35KB (30%) 155ms
[webp] round_08/tyre_strategy.png               73KB → 35KB (48%) 272ms
[webp] round_09/head_to_head_edges.png          97KB → 32KB (33%) 201ms
[webp] round_09/laptime_distribution.png        99KB → 28KB (28%) 229ms
[webp] round_09/laptime_distribution_historical.png 98KB → 39KB (39%) 242ms
[webp] round_09/lstm_pace_prediction.png        107KB → 39KB (36%) 155ms
[webp] round_09/pit_strategy_comparison.png     207KB → 75KB (36%) 316ms
[webp] round_09/podium_probability_board.png    82KB → 32KB (38%) 240ms
[webp] round_09/predicted_laptimes.png          130KB → 46KB (36%) 267ms
[webp] round_09/track_map.png                   117KB → 36KB (31%) 165ms
[webp] round_09/tyre_degradation_curves.png     141KB → 58KB (41%) 185ms
[webp] round_09/tyre_strategy.png               74KB → 36KB (49%) 244ms
[webp] round_10/head_to_head_edges.png          94KB → 32KB (34%) 266ms
[webp] round_10/laptime_distribution.png        108KB → 29KB (26%) 237ms
[webp] round_10/lstm_pace_prediction.png        99KB → 42KB (42%) 190ms
[webp] round_10/pit_strategy_comparison.png     219KB → 80KB (37%) 348ms
[webp] round_10/podium_probability_board.png    85KB → 33KB (39%) 259ms
[webp] round_10/predicted_laptimes.png          133KB → 49KB (37%) 266ms
[webp] round_10/track_map.png                   94KB → 29KB (30%) 96ms
[webp] round_10/tyre_degradation_curves.png     140KB → 57KB (41%) 180ms
[webp] round_11/head_to_head_edges.png          96KB → 33KB (34%) 181ms
[webp] round_11/laptime_distribution.png        108KB → 29KB (26%) 345ms
[webp] round_11/lstm_pace_prediction.png        76KB → 32KB (42%) 149ms
[webp] round_11/pit_strategy_comparison.png     216KB → 77KB (36%) 322ms
[webp] round_11/predicted_laptimes.png          133KB → 50KB (37%) 348ms
[webp] round_11/track_map.png                   112KB → 36KB (32%) 190ms
[webp] round_11/tyre_degradation_curves.png     145KB → 58KB (40%) 275ms
[webp] round_12/head_to_head_edges.png          96KB → 33KB (34%) 274ms
[webp] round_12/laptime_distribution.png        105KB → 28KB (27%) 366ms
[webp] round_12/lstm_pace_prediction.png        75KB → 32KB (43%) 221ms
[webp] round_12/pit_strategy_comparison.png     191KB → 71KB (37%) 443ms
[webp] round_12/podium_probability_board.png    86KB → 33KB (38%) 313ms
[webp] round_12/predicted_laptimes.png          126KB → 49KB (39%) 382ms
[webp] round_12/track_map.png                   113KB → 36KB (32%) 176ms
[webp] round_12/tyre_degradation_curves.png     144KB → 57KB (40%) 229ms
[webp] round_13/finish_probability_heatmap.png  79KB → 33KB (42%) 205ms
[webp] round_13/head_to_head_edges.png          97KB → 32KB (33%) 251ms
[webp] round_13/laptime_distribution.png        105KB → 28KB (27%) 374ms
[webp] round_13/lstm_pace_prediction.png        83KB → 35KB (42%) 267ms
[webp] round_13/pit_strategy_comparison.png     179KB → 67KB (37%) 438ms
[webp] round_13/podium_probability_board.png    86KB → 33KB (38%) 326ms
[webp] round_13/predicted_laptimes.png          131KB → 48KB (37%) 384ms
[webp] round_13/track_map.png                   140KB → 43KB (31%) 177ms
[webp] round_13/tyre_degradation_curves.png     137KB → 57KB (42%) 270ms
[webp] round_14/head_to_head_edges.png          96KB → 32KB (34%) 260ms
[webp] round_14/laptime_distribution.png        106KB → 28KB (27%) 351ms
[webp] round_14/lstm_pace_prediction.png        93KB → 38KB (41%) 209ms
[webp] round_14/pit_strategy_comparison.png     210KB → 77KB (37%) 445ms
[webp] round_14/podium_probability_board.png    84KB → 32KB (38%) 260ms
[webp] round_14/predicted_laptimes.png          132KB → 48KB (36%) 302ms
[webp] round_14/track_map.png                   142KB → 42KB (30%) 169ms
[webp] round_14/tyre_degradation_curves.png     144KB → 58KB (40%) 213ms
[webp] round_15/head_to_head_edges.png          97KB → 34KB (35%) 199ms
[webp] round_15/laptime_distribution.png        105KB → 29KB (27%) 268ms
[webp] round_15/lstm_pace_prediction.png        99KB → 42KB (43%) 222ms
[webp] round_15/pit_strategy_comparison.png     212KB → 79KB (37%) 423ms
[webp] round_15/podium_probability_board.png    86KB → 32KB (37%) 252ms
[webp] round_15/predicted_laptimes.png          131KB → 50KB (38%) 293ms
[webp] round_15/track_map.png                   138KB → 45KB (32%) 187ms
[webp] round_15/tyre_degradation_curves.png     142KB → 57KB (40%) 311ms
[webp] round_16/head_to_head_edges.png          99KB → 34KB (34%) 331ms
[webp] round_16/laptime_distribution.png        102KB → 28KB (27%) 436ms
[webp] round_16/lstm_pace_prediction.png        85KB → 34KB (40%) 256ms
[webp] round_16/podium_probability_board.png    86KB → 32KB (37%) 381ms
[webp] round_16/predicted_laptimes.png          134KB → 49KB (37%) 434ms
[webp] round_16/track_map.png                   98KB → 31KB (32%) 175ms
[webp] round_16/tyre_degradation_curves.png     146KB → 59KB (40%) 299ms
[webp] round_17/head_to_head_edges.png          99KB → 34KB (34%) 306ms
[webp] round_17/laptime_distribution.png        102KB → 28KB (28%) 273ms
[webp] round_17/lstm_pace_prediction.png        89KB → 38KB (42%) 156ms
[webp] round_17/pit_strategy_comparison.png     204KB → 76KB (37%) 379ms
[webp] round_17/podium_probability_board.png    86KB → 32KB (37%) 249ms
[webp] round_17/predicted_laptimes.png          133KB → 50KB (38%) 340ms
[webp] round_17/track_map.png                   124KB → 38KB (31%) 187ms
[webp] round_17/tyre_degradation_curves.png     146KB → 58KB (40%) 308ms
[webp] round_18/head_to_head_edges.png          96KB → 33KB (35%) 311ms
[webp] round_18/laptime_distribution.png        107KB → 29KB (28%) 340ms
[webp] round_18/lstm_pace_prediction.png        73KB → 31KB (42%) 242ms
[webp] round_18/pit_strategy_comparison.png     217KB → 77KB (35%) 531ms
[webp] round_18/podium_probability_board.png    86KB → 32KB (37%) 286ms
[webp] round_18/track_map.png                   125KB → 37KB (30%) 244ms
[webp] round_18/tyre_degradation_curves.png     146KB → 59KB (40%) 318ms
[webp] round_19/head_to_head_edges.png          97KB → 33KB (34%) 326ms
[webp] round_19/laptime_distribution.png        106KB → 29KB (27%) 422ms
[webp] round_19/lstm_pace_prediction.png        71KB → 30KB (42%) 296ms
[webp] round_19/pit_strategy_comparison.png     217KB → 77KB (35%) 559ms
[webp] round_19/podium_probability_board.png    86KB → 32KB (37%) 383ms
[webp] round_19/predicted_laptimes.png          124KB → 48KB (39%) 617ms
[webp] round_19/track_map.png                   127KB → 39KB (31%) 194ms
[webp] round_19/tyre_degradation_curves.png     146KB → 58KB (40%) 321ms
[webp] round_20/finish_probability_heatmap.png  83KB → 36KB (43%) 367ms
[webp] round_20/head_to_head_edges.png          99KB → 35KB (35%) 270ms
[webp] round_20/laptime_distribution.png        102KB → 28KB (27%) 259ms
[webp] round_20/lstm_pace_prediction.png        76KB → 32KB (42%) 218ms
[webp] round_20/pit_strategy_comparison.png     210KB → 79KB (38%) 575ms
[webp] round_20/podium_probability_board.png    85KB → 32KB (38%) 526ms
[webp] round_20/predicted_laptimes.png          130KB → 49KB (37%) 398ms
[webp] round_20/track_map.png                   110KB → 33KB (30%) 181ms
[webp] round_20/tyre_degradation_curves.png     142KB → 57KB (40%) 226ms
[webp] round_21/head_to_head_edges.png          99KB → 34KB (34%) 225ms
[webp] round_21/laptime_distribution.png        112KB → 30KB (27%) 324ms
[webp] round_21/lstm_pace_prediction.png        81KB → 33KB (41%) 177ms
[webp] round_21/pit_strategy_comparison.png     210KB → 76KB (36%) 471ms
[webp] round_21/podium_probability_board.png    85KB → 32KB (38%) 338ms
[webp] round_21/predicted_laptimes.png          135KB → 49KB (36%) 307ms
[webp] round_21/track_map.png                   132KB → 41KB (31%) 148ms
[webp] round_22/head_to_head_edges.png          102KB → 35KB (35%) 233ms
[webp] round_22/laptime_distribution.png        111KB → 30KB (27%) 285ms
[webp] round_22/lstm_pace_prediction.png        91KB → 36KB (40%) 220ms
[webp] round_22/pit_strategy_comparison.png     213KB → 78KB (37%) 624ms
[webp] round_22/podium_probability_board.png    87KB → 33KB (37%) 401ms
[webp] round_22/predicted_laptimes.png          131KB → 49KB (37%) 450ms
[webp] round_22/track_map.png                   107KB → 34KB (31%) 203ms
[webp] round_22/tyre_degradation_curves.png     146KB → 59KB (40%) 234ms
[webp] Done. scanned=216  converted=186  skipped=30  errors=0
[webp] Total 21721KB → 7843KB (36% of source)

> website@0.1.0 build
> next build --webpack

▲ Next.js 16.3.8 (webpack)
✓ Running next.config.ts took 34ms

  Creating an optimized production build ...
✓ Compiled successfully in 24.4s
  Running TypeScript ...
  Finished TypeScript in 11.7s ...
  Collecting page data using 4 workers ...
  Generating static pages using 4 workers (0/85) ...
The width(-1) and height(-1) of chart should be greater than 0,
       please check the style of container, or the props width(100%) and height(100%),
       or add a minWidth(0) or minHeight(undefined) or use aspect(undefined) to control the
       height and width.
  Generating static pages using 4 workers (21/85)
  Generating static pages using 4 workers (42/85)
  Generating static pages using 4 workers (63/85)
✓ Generating static pages using 4 workers (85/85) in 3.2s
  Finalizing page optimization ...
  Collecting build traces ...

Route (app)
┌ ○ /
├ ○ /_not-found
├ ○ /about
├ ○ /accuracy
├ ○ /calendar
├ ○ /circuits
├ ○ /compare/laps
├ ○ /design-system
├   /driver/[code]
│ ├ ● /driver/VER
│ ├ ● /driver/HAD
│ ├ ● /driver/NOR
│ └ ● [+20 more paths]
├ ○ /icon.png
├   /race/[round]
│ ├ ● /race/1
│ ├ ● /race/2
│ ├ ● /race/3
│ └ ● [+21 more paths]
├ ○ /robots.txt
├ ○ /sitemap.xml
├ ○ /standings
└   /theatre/[round]
  ├ ● /theatre/1
  ├ ● /theatre/2
  ├ ● /theatre/3
  └ ● [+21 more paths]


○  (Static)  prerendered as static content
●  (SSG)     prerendered as static HTML (uses generateStaticParams)
