
> raceiq-f2-website@0.1.0 build
> next build

▲ Next.js 16.3.8 (Turbopack)
✓ Running next.config.ts took 26ms

  Creating an optimized production build ...
✓ Compiled successfully in 9.8s
  Running TypeScript ...
  Finished TypeScript in 8.5s ...
  Collecting page data using 4 workers ...
  Generating static pages using 4 workers (0/49) ...
  Generating static pages using 4 workers (12/49)
  Generating static pages using 4 workers (24/49)
  Generating static pages using 4 workers (36/49)
✓ Generating static pages using 4 workers (49/49) in 1647ms
  Finalizing page optimization ...

Route (app)
┌ ○ /
├ ○ /_not-found
├ ○ /about
├ ○ /accuracy
├ ○ /calendar
├ ○ /design-system
├   /driver/[code]
│ ├ ● /driver/MIN
│ ├ ● /driver/TSO
│ ├ ● /driver/CAM
│ └ ● [+19 more paths]
├ ○ /icon.png
├ ○ /predictions
├   /race/[round]
│ ├ ● /race/1
│ ├ ● /race/2
│ ├ ● /race/3
│ └ ● [+11 more paths]
├ ○ /robots.txt
├ ○ /sitemap.xml
└ ○ /standings


○  (Static)  prerendered as static content
●  (SSG)     prerendered as static HTML (uses generateStaticParams)
