
> raceiq-formula-e-website@0.1.0 build
> next build

▲ Next.js 16.3.8 (Turbopack)
✓ Running next.config.ts took 33ms

  Creating an optimized production build ...
✓ Compiled successfully in 12.2s
  Running TypeScript ...
  Finished TypeScript in 11.7s ...
  Collecting page data using 4 workers ...
  Generating static pages using 4 workers (0/50) ...
The width(-1) and height(-1) of chart should be greater than 0,
       please check the style of container, or the props width(100%) and height(100%),
       or add a minWidth(0) or minHeight(undefined) or use aspect(undefined) to control the
       height and width.
  Generating static pages using 4 workers (12/50)
  Generating static pages using 4 workers (24/50)
  Generating static pages using 4 workers (37/50)
✓ Generating static pages using 4 workers (50/50) in 1973ms
  Finalizing page optimization ...

Route (app)
┌ ○ /
├ ○ /_not-found
├ ○ /about
├ ○ /accuracy
├ ○ /calendar
├ ○ /design-system
├   /driver/[code]
│ ├ ● /driver/WEH
│ ├ ● /driver/DEN
│ ├ ● /driver/EVA
│ └ ● [+17 more paths]
├ ○ /icon.png
├ ○ /predictions
├   /race/[round]
│ ├ ● /race/1
│ ├ ● /race/2
│ ├ ● /race/3
│ └ ● [+14 more paths]
├ ○ /robots.txt
├ ○ /sitemap.xml
└ ○ /standings


○  (Static)  prerendered as static content
●  (SSG)     prerendered as static HTML (uses generateStaticParams)
