
> raceiq-imsa-website@0.1.0 build
> next build

▲ Next.js 16.3.8 (Turbopack)
✓ Running next.config.ts took 42ms

  Creating an optimized production build ...
✓ Compiled successfully in 13.9s
  Running TypeScript ...
  Finished TypeScript in 12.2s ...
  Collecting page data using 4 workers ...
  Generating static pages using 4 workers (0/92) ...
  Generating static pages using 4 workers (23/92)
  Generating static pages using 4 workers (46/92)
  Generating static pages using 4 workers (69/92)
✓ Generating static pages using 4 workers (92/92) in 3.5s
  Finalizing page optimization ...

Route (app)
┌ ○ /
├ ○ /_not-found
├ ○ /about
├ ○ /accuracy
├ ○ /calendar
├   /entry/[code]
│ ├ ● /entry/GTP-31
│ ├ ● /entry/GTP-6
│ ├ ● /entry/GTP-93
│ └ ● [+66 more paths]
├ ○ /icon.svg
├ ○ /predictions
├ ○ /robots.txt
├   /round/[round]
│ ├ ● /round/1
│ ├ ● /round/2
│ ├ ● /round/3
│ └ ● [+9 more paths]
├ ○ /sitemap.xml
└ ○ /standings


○  (Static)  prerendered as static content
●  (SSG)     prerendered as static HTML (uses generateStaticParams)
