
> raceiq-indy-website@0.1.0 build
> next build

▲ Next.js 16.3.8 (Turbopack)
✓ Running next.config.ts took 390ms

  Creating an optimized production build ...
✓ Compiled successfully in 31.7s
  Running TypeScript ...
  Finished TypeScript in 12.9s ...
  Collecting page data using 4 workers ...
  Generating static pages using 4 workers (0/63) ...
  Generating static pages using 4 workers (15/63)
  Generating static pages using 4 workers (31/63)
  Generating static pages using 4 workers (47/63)
✓ Generating static pages using 4 workers (63/63) in 1933ms
  Finalizing page optimization ...

Route (app)
┌ ○ /
├ ○ /_not-found
├ ○ /about
├ ○ /accuracy
├ ○ /calendar
├ ○ /design-system
├   /driver/[code]
│ ├ ● /driver/ALPALOU
│ ├ ● /driver/KYKIRKWOOD
│ ├ ● /driver/CHLUNDGAARD
│ └ ● [+30 more paths]
├ ○ /icon.svg
├ ○ /predictions
├   /race/[round]
│ ├ ● /race/1
│ ├ ● /race/2
│ ├ ● /race/3
│ └ ● [+15 more paths]
├ ○ /robots.txt
├ ○ /sitemap.xml
└ ○ /standings


○  (Static)  prerendered as static content
●  (SSG)     prerendered as static HTML (uses generateStaticParams)
