
> raceiq-motogp-website@0.1.0 build
> next build

▲ Next.js 16.3.8 (Turbopack)
✓ Running next.config.ts took 25ms

  Creating an optimized production build ...
✓ Compiled successfully in 13.9s
  Running TypeScript ...
  Finished TypeScript in 11.9s ...
  Collecting page data using 4 workers ...
  Generating static pages using 4 workers (0/66) ...
  Generating static pages using 4 workers (16/66)
  Generating static pages using 4 workers (32/66)
  Generating static pages using 4 workers (49/66)
✓ Generating static pages using 4 workers (66/66) in 2.1s
  Finalizing page optimization ...

Route (app)
┌ ○ /
├ ○ /_not-found
├ ○ /about
├ ○ /accuracy
├ ○ /calendar
├ ○ /design-system
├ ○ /icon.png
├ ○ /predictions
├   /race/[round]
│ ├ ● /race/1
│ ├ ● /race/2
│ ├ ● /race/3
│ └ ● [+19 more paths]
├   /rider/[code]
│ ├ ● /rider/MAR
│ ├ ● /rider/MAM
│ ├ ● /rider/BEZ
│ └ ● [+28 more paths]
├ ○ /robots.txt
├ ○ /sitemap.xml
└ ○ /standings


○  (Static)  prerendered as static content
●  (SSG)     prerendered as static HTML (uses generateStaticParams)
