desktop-light: journey
desktop-light: f1 complete
desktop-light: f2 complete
desktop-light: f3 complete
desktop-light: formula-e complete
desktop-light: nascar complete
desktop-light: indycar complete
desktop-light: motogp complete
desktop-light: wrc complete
desktop-light: wec complete
desktop-light: imsa complete
desktop-dark: journey
desktop-dark: f1 complete
desktop-dark: f2 complete
desktop-dark: f3 complete
desktop-dark: formula-e complete
desktop-dark: nascar complete
desktop-dark: indycar complete
desktop-dark: motogp complete
desktop-dark: wrc complete
desktop-dark: wec complete
desktop-dark: imsa complete
mobile-light: journey
mobile-light: f1 complete
mobile-light: f2 complete
mobile-light: f3 complete
mobile-light: formula-e complete
mobile-light: nascar complete
mobile-light: indycar complete
mobile-light: motogp complete
mobile-light: wrc complete
mobile-light: wec complete
mobile-light: imsa complete
mobile-dark: journey
mobile-dark: f1 complete
mobile-dark: f2 complete
mobile-dark: f3 complete
mobile-dark: formula-e complete
mobile-dark: nascar complete
mobile-dark: indycar complete
mobile-dark: motogp complete
mobile-dark: wrc complete
mobile-dark: wec complete
mobile-dark: imsa complete
{"output":"/tmp/motorsportverse-next-maintenance/browser-sites","cases":4,"sites":11,"failures":[]}
